<?xml version="1.0" encoding="UTF-8"?>
<Package xmlns="http://soap.sforce.com/2006/04/metadata">
    <types>
        <members>CustomObjectTest__c.Field_Set_Test</members>
        <name>FieldSet</name>
    </types>
    <version>46.0</version>
</Package>
