<?xml version="1.0" encoding="UTF-8"?>
<Package xmlns="http://soap.sforce.com/2006/04/metadata">
    <types>
        <members>LargeCustomObjectTest__c.Test0815__c</members>
        <name>CustomField</name>
    </types>
    <version>46.0</version>
</Package>
