<?xml version="1.0" encoding="UTF-8"?>
<Package xmlns="http://soap.sforce.com/2006/04/metadata">
    <types>
        <members>Test2</members>
        <members>Test3</members>
        <name>PermissionSet</name>
    </types>
</Package>
