<?xml version="1.0" encoding="UTF-8"?>
<Package xmlns="http://soap.sforce.com/2006/04/metadata">
    <types>
        <members>CustomObjectTest__c</members>
        <name>CustomObject</name>
    </types>
    <types>
        <members>CustomObjectTest__c.Test_Ampersand</members>
        <name>ValidationRule</name>
    </types>
    <version>46.0</version>
</Package>
